// Jest Snapshot v1, https://goo.gl/fbAQLP

exports[`Should match with snapshot <Matrix /> 1`] = `
<div>
  <div
    class="container"
  >
    <div
      class="controls"
    >
      <label
        class=""
      >
        Filas:
        <select>
          <option
            disabled=""
            value=""
          />
          <option
            value="1"
          >
            1
          </option>
          <option
            value="2"
          >
            2
          </option>
          <option
            value="3"
          >
            3
          </option>
          <option
            value="4"
          >
            4
          </option>
          <option
            value="5"
          >
            5
          </option>
          <option
            value="6"
          >
            6
          </option>
          <option
            value="7"
          >
            7
          </option>
          <option
            value="8"
          >
            8
          </option>
          <option
            value="9"
          >
            9
          </option>
          <option
            value="10"
          >
            10
          </option>
        </select>
      </label>
      <label
        class=""
      >
        Columnas:
        <select>
          <option
            disabled=""
            value=""
          />
          <option
            value="1"
          >
            1
          </option>
          <option
            value="2"
          >
            2
          </option>
          <option
            value="3"
          >
            3
          </option>
          <option
            value="4"
          >
            4
          </option>
          <option
            value="5"
          >
            5
          </option>
          <option
            value="6"
          >
            6
          </option>
          <option
            value="7"
          >
            7
          </option>
          <option
            value="8"
          >
            8
          </option>
          <option
            value="9"
          >
            9
          </option>
          <option
            value="10"
          >
            10
          </option>
        </select>
      </label>
      <input
        placeholder="Añadir números"
        type="text"
        value=""
      />
    </div>
    <div
      class="boxTable"
    >
      <div
        class="tableContainer"
      >
        <table
          class="matrixTable"
        >
          <tbody>
            <tr>
              <td>
                <a
                  href="/items"
                >
                   
                </a>
              </td>
            </tr>
          </tbody>
        </table>
        <div
          class="rotate-container "
        />
      </div>
    </div>
    <div
      class="buttonsContainer"
    >
      <button
        class="buttonRotate"
      >
        Girar
      </button>
    </div>
  </div>
</div>
`;
